[xladiesdalting.com/ROUSE8I/index.html]
[backblue.gif]
[fade.gif]
[index.html]
[xladiesdalting.com/wp-content/themes/twentyseventeen/style5010.css]
[xladiesdalting.com/wp-content/plugins/elementor/assets/lib/eicons/css/elementor-icons.minaf6c.css]
[xladiesdalting.com/wp-content/plugins/elementor/assets/lib/font-awesome/css/font-awesome.min1849.css]
[xladiesdalting.com/wp-content/plugins/elementor/assets/lib/animations/animations.mincc91.css]
[xladiesdalting.com/wp-content/plugins/elementor/assets/css/frontend.mincc91.css]
[xladiesdalting.com/wp-content/uploads/elementor/css/global302f.css]
[xladiesdalting.com/wp-content/uploads/elementor/css/post-6302f.css]
[xladiesdalting.com/wp-includes/js/jquery/jquery-migrate.min330a.js]
[xladiesdalting.com/wp-includes/js/jquery/jqueryb8ff.js]
[xladiesdalting.com/wp-content/uploads/2018/08/logo.png]
[xladiesdalting.com/wp-content/uploads/2018/08/oie_rounded_corners.gif]
[xladiesdalting.com/wp-content/themes/twentyseventeen/assets/js/skip-link-focus-fix5152.js]
[xladiesdalting.com/rouse8i/index-2.html]
[xladiesdalting.com/wp-content/themes/twentyseventeen/assets/js/global5152.js]
[xladiesdalting.com/wp-content/themes/twentyseventeen/assets/js/jquery.scrollTo431f.js]
[xladiesdalting.com/wp-includes/js/wp-embed.min5010.js]
[xladiesdalting.com/wp-includes/js/jquery/ui/position.mine899.js]
[xladiesdalting.com/wp-content/plugins/elementor/assets/lib/dialog/dialog.mina94e.js]
[xladiesdalting.com/wp-content/plugins/elementor/assets/lib/waypoints/waypoints.min05da.js]
[xladiesdalting.com/wp-content/plugins/elementor/assets/lib/swiper/swiper.jquery.mincb20.js]
[xladiesdalting.com/wp-content/plugins/elementor/assets/js/frontend.mincc91.js]
[xladiesdalting.com/ROUSE8I/index.html]
[xladiesdalting.com/wp-content/themes/twentyseventeen/style5010.css]
[xladiesdalting.com/wp-content/plugins/elementor/assets/lib/eicons/css/elementor-icons.minaf6c.css]
[xladiesdalting.com/wp-content/plugins/elementor/assets/lib/font-awesome/css/font-awesome.min1849.css]
[xladiesdalting.com/wp-content/plugins/elementor/assets/lib/animations/animations.mincc91.css]
[xladiesdalting.com/wp-content/plugins/elementor/assets/css/frontend.mincc91.css]
[xladiesdalting.com/wp-content/uploads/elementor/css/global302f.css]
[xladiesdalting.com/wp-content/uploads/elementor/css/post-6302f.css]
[xladiesdalting.com/rouse8i/index-2.html]
